// Jest Snapshot v1, https://goo.gl/fbAQLP

exports[`renders correctly 1`] = `
<View
  style={
    Array [
      Object {
        "alignItems": "center",
        "flex": 1,
        "justifyContent": "center",
      },
      Object {
        "bottom": 0,
        "height": 50,
        "left": 0,
        "position": "absolute",
        "width": "100%",
        "zIndex": 100,
      },
    ]
  }
>
  <View
    style={
      Object {
        "backgroundColor": "#ffffff",
        "borderColor": "#e1e1e1",
        "borderRadius": 100,
        "borderWidth": 1,
        "padding": 10,
      }
    }
  >
    <ActivityIndicator
      animating={true}
      color="#999999"
      hidesWhenStopped={true}
      size="large"
    />
  </View>
</View>
`;
